// Jest Snapshot v1, https://goo.gl/fbAQLP

exports[`Navbar renders correctrly 1`] = `
<div class="custom-popover">
  <!---->
  <!---->
</div>
`;
